// Jest Snapshot v1, https://goo.gl/fbAQLP

exports[`ColorPicker component renders the colorpicker 1`] = `
<section
  className="ColorPicker"
>
  <Button
    color="red"
    colorHandler={[Function]}
    key="0"
  />
  <Button
    color="green"
    colorHandler={[Function]}
    key="1"
  />
  <Button
    color="blue"
    colorHandler={[Function]}
    key="2"
  />
  <div
    className=""
  />
</section>
`;
